// Jest Snapshot v1, https://goo.gl/fbAQLP

exports[`individual 1`] = `
Object {
  "data": Object {
    "_meta": Object {
      "tables": Array [
        Object {
          "foreignKeyConstraints": Array [],
          "name": "BoundingBox",
          "primaryKeyConstraints": Array [
            Object {
              "name": "bounding_box_pkey",
            },
          ],
          "uniqueConstraints": Array [],
        },
        Object {
          "foreignKeyConstraints": Array [
            Object {
              "name": "permission_assignment_perm_id_fkey",
            },
            Object {
              "name": "permission_assignment_role_id_fkey",
            },
          ],
          "name": "PermissionAssignment",
          "primaryKeyConstraints": Array [
            Object {
              "name": "permission_assignment_pkey",
            },
          ],
          "uniqueConstraints": Array [],
        },
        Object {
          "foreignKeyConstraints": Array [],
          "name": "Permission",
          "primaryKeyConstraints": Array [
            Object {
              "name": "permissions_pkey",
            },
          ],
          "uniqueConstraints": Array [],
        },
        Object {
          "foreignKeyConstraints": Array [
            Object {
              "name": "roles_org_id_fkey",
            },
          ],
          "name": "Role",
          "primaryKeyConstraints": Array [
            Object {
              "name": "roles_pkey",
            },
          ],
          "uniqueConstraints": Array [],
        },
        Object {
          "foreignKeyConstraints": Array [
            Object {
              "name": "subject_assignment_subj_id_fkey",
            },
            Object {
              "name": "subject_assignment_role_id_fkey",
            },
          ],
          "name": "SubjectAssignment",
          "primaryKeyConstraints": Array [
            Object {
              "name": "subject_assignment_pkey",
            },
          ],
          "uniqueConstraints": Array [],
        },
        Object {
          "foreignKeyConstraints": Array [
            Object {
              "name": "user_settings_user_id_fkey",
            },
          ],
          "name": "UserSetting",
          "primaryKeyConstraints": Array [
            Object {
              "name": "user_settings_pkey",
            },
          ],
          "uniqueConstraints": Array [],
        },
        Object {
          "foreignKeyConstraints": Array [],
          "name": "User",
          "primaryKeyConstraints": Array [
            Object {
              "name": "users_pkey",
            },
          ],
          "uniqueConstraints": Array [
            Object {
              "name": "users_username_key",
            },
          ],
        },
        Object {
          "foreignKeyConstraints": Array [],
          "name": "Postcode",
          "primaryKeyConstraints": Array [
            Object {
              "name": "zip_codes_pkey",
            },
          ],
          "uniqueConstraints": Array [],
        },
      ],
    },
  },
}
`;

exports[`union 1`] = `
Object {
  "data": Object {
    "_meta": Object {
      "tables": Array [
        Object {
          "constraints": Array [
            Object {
              "__typename": "MetaschemaPrimaryKeyConstraint",
              "fields": Array [
                Object {
                  "name": "id",
                  "type": Object {
                    "modifier": null,
                    "name": "Int",
                    "pg": "int4",
                    "subtype": null,
                    "typmod": null,
                  },
                },
              ],
              "name": "bounding_box_pkey",
            },
          ],
          "fields": Array [
            Object {
              "name": "id",
              "type": Object {
                "modifier": null,
                "name": "Int",
                "pg": "int4",
                "subtype": null,
                "typmod": null,
              },
            },
            Object {
              "name": "zip",
              "type": Object {
                "modifier": null,
                "name": "Int",
                "pg": "int4",
                "subtype": null,
                "typmod": null,
              },
            },
            Object {
              "name": "location",
              "type": Object {
                "modifier": 1107460,
                "name": "String",
                "pg": "geometry",
                "subtype": null,
                "typmod": Object {
                  "gisType": "Point",
                  "hasM": false,
                  "hasZ": false,
                  "srid": 4326,
                  "subtype": 1,
                },
              },
            },
            Object {
              "name": "bbox",
              "type": Object {
                "modifier": 1107468,
                "name": "String",
                "pg": "geometry",
                "subtype": null,
                "typmod": Object {
                  "gisType": "Polygon",
                  "hasM": false,
                  "hasZ": false,
                  "srid": 4326,
                  "subtype": 3,
                },
              },
            },
          ],
          "inflection": Object {
            "allRows": "allBoundingBoxes",
            "allRowsSimple": "allBoundingBoxesList",
            "conditionType": "BoundingBoxCondition",
            "connection": "BoundingBoxesConnection",
            "createField": "createBoundingBox",
            "createInputType": "CreateBoundingBoxInput",
            "createPayloadType": "CreateBoundingBoxPayload",
            "deleteByPrimaryKey": "deleteBoundingBoxById",
            "deletePayloadType": "DeleteBoundingBoxPayload",
            "edge": "BoundingBoxesEdge",
            "edgeField": "boundingBoxEdge",
            "enumType": "BoundingBox",
            "inputType": "BoundingBoxInput",
            "orderByType": "BoundingBoxesOrderBy",
            "patchField": "boundingBoxPatch",
            "patchType": "BoundingBoxPatch",
            "tableFieldName": "boundingBox",
            "tableType": "BoundingBox",
            "typeName": "bounding_box",
            "updateByPrimaryKey": "updateBoundingBoxById",
            "updatePayloadType": "UpdateBoundingBoxPayload",
          },
          "name": "BoundingBox",
          "query": Object {
            "all": "allBoundingBoxes",
            "create": "createBoundingBox",
            "delete": "deleteBoundingBoxById",
            "one": "boundingBox",
            "update": "updateBoundingBoxById",
          },
        },
        Object {
          "constraints": Array [
            Object {
              "fields": Array [
                Object {
                  "name": "permId",
                },
              ],
              "refFields": Array [
                Object {
                  "name": "id",
                },
              ],
              "refTable": Object {
                "fields": Array [
                  Object {
                    "name": "id",
                  },
                  Object {
                    "name": "name",
                  },
                ],
                "name": "Permission",
              },
            },
            Object {
              "__typename": "MetaschemaPrimaryKeyConstraint",
              "fields": Array [
                Object {
                  "name": "permId",
                  "type": Object {
                    "modifier": null,
                    "name": "BigInt",
                    "pg": "int8",
                    "subtype": null,
                    "typmod": null,
                  },
                },
                Object {
                  "name": "roleId",
                  "type": Object {
                    "modifier": null,
                    "name": "BigInt",
                    "pg": "int8",
                    "subtype": null,
                    "typmod": null,
                  },
                },
              ],
              "name": "permission_assignment_pkey",
            },
            Object {
              "fields": Array [
                Object {
                  "name": "roleId",
                },
              ],
              "refFields": Array [
                Object {
                  "name": "id",
                },
              ],
              "refTable": Object {
                "fields": Array [
                  Object {
                    "name": "id",
                  },
                  Object {
                    "name": "orgId",
                  },
                ],
                "name": "Role",
              },
            },
          ],
          "fields": Array [
            Object {
              "name": "permId",
              "type": Object {
                "modifier": null,
                "name": "BigInt",
                "pg": "int8",
                "subtype": null,
                "typmod": null,
              },
            },
            Object {
              "name": "roleId",
              "type": Object {
                "modifier": null,
                "name": "BigInt",
                "pg": "int8",
                "subtype": null,
                "typmod": null,
              },
            },
          ],
          "inflection": Object {
            "allRows": "allPermissionAssignments",
            "allRowsSimple": "allPermissionAssignmentsList",
            "conditionType": "PermissionAssignmentCondition",
            "connection": "PermissionAssignmentsConnection",
            "createField": "createPermissionAssignment",
            "createInputType": "CreatePermissionAssignmentInput",
            "createPayloadType": "CreatePermissionAssignmentPayload",
            "deleteByPrimaryKey": "deletePermissionAssignmentByPermIdAndRoleId",
            "deletePayloadType": "DeletePermissionAssignmentPayload",
            "edge": "PermissionAssignmentsEdge",
            "edgeField": "permissionAssignmentEdge",
            "enumType": "PermissionAssignment",
            "inputType": "PermissionAssignmentInput",
            "orderByType": "PermissionAssignmentsOrderBy",
            "patchField": "permissionAssignmentPatch",
            "patchType": "PermissionAssignmentPatch",
            "tableFieldName": "permissionAssignment",
            "tableType": "PermissionAssignment",
            "typeName": "permission_assignment",
            "updateByPrimaryKey": "updatePermissionAssignmentByPermIdAndRoleId",
            "updatePayloadType": "UpdatePermissionAssignmentPayload",
          },
          "name": "PermissionAssignment",
          "query": Object {
            "all": "allPermissionAssignments",
            "create": "createPermissionAssignment",
            "delete": "deletePermissionAssignmentByPermIdAndRoleId",
            "one": "permissionAssignment",
            "update": "updatePermissionAssignmentByPermIdAndRoleId",
          },
        },
        Object {
          "constraints": Array [
            Object {
              "__typename": "MetaschemaPrimaryKeyConstraint",
              "fields": Array [
                Object {
                  "name": "id",
                  "type": Object {
                    "modifier": null,
                    "name": "Int",
                    "pg": "int4",
                    "subtype": null,
                    "typmod": null,
                  },
                },
              ],
              "name": "permissions_pkey",
            },
          ],
          "fields": Array [
            Object {
              "name": "id",
              "type": Object {
                "modifier": null,
                "name": "Int",
                "pg": "int4",
                "subtype": null,
                "typmod": null,
              },
            },
            Object {
              "name": "name",
              "type": Object {
                "modifier": null,
                "name": "String",
                "pg": "citext",
                "subtype": null,
                "typmod": null,
              },
            },
          ],
          "inflection": Object {
            "allRows": "allPermissions",
            "allRowsSimple": "allPermissionsList",
            "conditionType": "PermissionCondition",
            "connection": "PermissionsConnection",
            "createField": "createPermission",
            "createInputType": "CreatePermissionInput",
            "createPayloadType": "CreatePermissionPayload",
            "deleteByPrimaryKey": "deletePermissionById",
            "deletePayloadType": "DeletePermissionPayload",
            "edge": "PermissionsEdge",
            "edgeField": "permissionEdge",
            "enumType": "Permissions",
            "inputType": "PermissionInput",
            "orderByType": "PermissionsOrderBy",
            "patchField": "permissionPatch",
            "patchType": "PermissionPatch",
            "tableFieldName": "permission",
            "tableType": "Permission",
            "typeName": "permissions",
            "updateByPrimaryKey": "updatePermissionById",
            "updatePayloadType": "UpdatePermissionPayload",
          },
          "name": "Permission",
          "query": Object {
            "all": "allPermissions",
            "create": "createPermission",
            "delete": "deletePermissionById",
            "one": "permission",
            "update": "updatePermissionById",
          },
        },
        Object {
          "constraints": Array [
            Object {
              "__typename": "MetaschemaPrimaryKeyConstraint",
              "fields": Array [
                Object {
                  "name": "id",
                  "type": Object {
                    "modifier": null,
                    "name": "Int",
                    "pg": "int4",
                    "subtype": null,
                    "typmod": null,
                  },
                },
              ],
              "name": "roles_pkey",
            },
            Object {
              "fields": Array [
                Object {
                  "name": "orgId",
                },
              ],
              "refFields": Array [
                Object {
                  "name": "id",
                },
              ],
              "refTable": Object {
                "fields": Array [
                  Object {
                    "name": "id",
                  },
                  Object {
                    "name": "username",
                  },
                ],
                "name": "User",
              },
            },
          ],
          "fields": Array [
            Object {
              "name": "id",
              "type": Object {
                "modifier": null,
                "name": "Int",
                "pg": "int4",
                "subtype": null,
                "typmod": null,
              },
            },
            Object {
              "name": "orgId",
              "type": Object {
                "modifier": null,
                "name": "BigInt",
                "pg": "int8",
                "subtype": null,
                "typmod": null,
              },
            },
          ],
          "inflection": Object {
            "allRows": "allRoles",
            "allRowsSimple": "allRolesList",
            "conditionType": "RoleCondition",
            "connection": "RolesConnection",
            "createField": "createRole",
            "createInputType": "CreateRoleInput",
            "createPayloadType": "CreateRolePayload",
            "deleteByPrimaryKey": "deleteRoleById",
            "deletePayloadType": "DeleteRolePayload",
            "edge": "RolesEdge",
            "edgeField": "roleEdge",
            "enumType": "Roles",
            "inputType": "RoleInput",
            "orderByType": "RolesOrderBy",
            "patchField": "rolePatch",
            "patchType": "RolePatch",
            "tableFieldName": "role",
            "tableType": "Role",
            "typeName": "roles",
            "updateByPrimaryKey": "updateRoleById",
            "updatePayloadType": "UpdateRolePayload",
          },
          "name": "Role",
          "query": Object {
            "all": "allRoles",
            "create": "createRole",
            "delete": "deleteRoleById",
            "one": "role",
            "update": "updateRoleById",
          },
        },
        Object {
          "constraints": Array [
            Object {
              "fields": Array [
                Object {
                  "name": "subjId",
                },
              ],
              "refFields": Array [
                Object {
                  "name": "id",
                },
              ],
              "refTable": Object {
                "fields": Array [
                  Object {
                    "name": "id",
                  },
                  Object {
                    "name": "username",
                  },
                ],
                "name": "User",
              },
            },
            Object {
              "__typename": "MetaschemaPrimaryKeyConstraint",
              "fields": Array [
                Object {
                  "name": "subjId",
                  "type": Object {
                    "modifier": null,
                    "name": "BigInt",
                    "pg": "int8",
                    "subtype": null,
                    "typmod": null,
                  },
                },
                Object {
                  "name": "roleId",
                  "type": Object {
                    "modifier": null,
                    "name": "BigInt",
                    "pg": "int8",
                    "subtype": null,
                    "typmod": null,
                  },
                },
              ],
              "name": "subject_assignment_pkey",
            },
            Object {
              "fields": Array [
                Object {
                  "name": "roleId",
                },
              ],
              "refFields": Array [
                Object {
                  "name": "id",
                },
              ],
              "refTable": Object {
                "fields": Array [
                  Object {
                    "name": "id",
                  },
                  Object {
                    "name": "orgId",
                  },
                ],
                "name": "Role",
              },
            },
          ],
          "fields": Array [
            Object {
              "name": "subjId",
              "type": Object {
                "modifier": null,
                "name": "BigInt",
                "pg": "int8",
                "subtype": null,
                "typmod": null,
              },
            },
            Object {
              "name": "roleId",
              "type": Object {
                "modifier": null,
                "name": "BigInt",
                "pg": "int8",
                "subtype": null,
                "typmod": null,
              },
            },
          ],
          "inflection": Object {
            "allRows": "allSubjectAssignments",
            "allRowsSimple": "allSubjectAssignmentsList",
            "conditionType": "SubjectAssignmentCondition",
            "connection": "SubjectAssignmentsConnection",
            "createField": "createSubjectAssignment",
            "createInputType": "CreateSubjectAssignmentInput",
            "createPayloadType": "CreateSubjectAssignmentPayload",
            "deleteByPrimaryKey": "deleteSubjectAssignmentBySubjIdAndRoleId",
            "deletePayloadType": "DeleteSubjectAssignmentPayload",
            "edge": "SubjectAssignmentsEdge",
            "edgeField": "subjectAssignmentEdge",
            "enumType": "SubjectAssignment",
            "inputType": "SubjectAssignmentInput",
            "orderByType": "SubjectAssignmentsOrderBy",
            "patchField": "subjectAssignmentPatch",
            "patchType": "SubjectAssignmentPatch",
            "tableFieldName": "subjectAssignment",
            "tableType": "SubjectAssignment",
            "typeName": "subject_assignment",
            "updateByPrimaryKey": "updateSubjectAssignmentBySubjIdAndRoleId",
            "updatePayloadType": "UpdateSubjectAssignmentPayload",
          },
          "name": "SubjectAssignment",
          "query": Object {
            "all": "allSubjectAssignments",
            "create": "createSubjectAssignment",
            "delete": "deleteSubjectAssignmentBySubjIdAndRoleId",
            "one": "subjectAssignment",
            "update": "updateSubjectAssignmentBySubjIdAndRoleId",
          },
        },
        Object {
          "constraints": Array [
            Object {
              "__typename": "MetaschemaPrimaryKeyConstraint",
              "fields": Array [
                Object {
                  "name": "userId",
                  "type": Object {
                    "modifier": null,
                    "name": "BigInt",
                    "pg": "int8",
                    "subtype": null,
                    "typmod": null,
                  },
                },
              ],
              "name": "user_settings_pkey",
            },
            Object {
              "fields": Array [
                Object {
                  "name": "userId",
                },
              ],
              "refFields": Array [
                Object {
                  "name": "id",
                },
              ],
              "refTable": Object {
                "fields": Array [
                  Object {
                    "name": "id",
                  },
                  Object {
                    "name": "username",
                  },
                ],
                "name": "User",
              },
            },
          ],
          "fields": Array [
            Object {
              "name": "userId",
              "type": Object {
                "modifier": null,
                "name": "BigInt",
                "pg": "int8",
                "subtype": null,
                "typmod": null,
              },
            },
            Object {
              "name": "setting1",
              "type": Object {
                "modifier": null,
                "name": "String",
                "pg": "text",
                "subtype": null,
                "typmod": null,
              },
            },
          ],
          "inflection": Object {
            "allRows": "allUserSettings",
            "allRowsSimple": "allUserSettingsList",
            "conditionType": "UserSettingCondition",
            "connection": "UserSettingsConnection",
            "createField": "createUserSetting",
            "createInputType": "CreateUserSettingInput",
            "createPayloadType": "CreateUserSettingPayload",
            "deleteByPrimaryKey": "deleteUserSettingByUserId",
            "deletePayloadType": "DeleteUserSettingPayload",
            "edge": "UserSettingsEdge",
            "edgeField": "userSettingEdge",
            "enumType": "UserSettings",
            "inputType": "UserSettingInput",
            "orderByType": "UserSettingsOrderBy",
            "patchField": "userSettingPatch",
            "patchType": "UserSettingPatch",
            "tableFieldName": "userSetting",
            "tableType": "UserSetting",
            "typeName": "user_settings",
            "updateByPrimaryKey": "updateUserSettingByUserId",
            "updatePayloadType": "UpdateUserSettingPayload",
          },
          "name": "UserSetting",
          "query": Object {
            "all": "allUserSettings",
            "create": "createUserSetting",
            "delete": "deleteUserSettingByUserId",
            "one": "userSetting",
            "update": "updateUserSettingByUserId",
          },
        },
        Object {
          "constraints": Array [
            Object {
              "__typename": "MetaschemaPrimaryKeyConstraint",
              "fields": Array [
                Object {
                  "name": "id",
                  "type": Object {
                    "modifier": null,
                    "name": "Int",
                    "pg": "int4",
                    "subtype": null,
                    "typmod": null,
                  },
                },
              ],
              "name": "users_pkey",
            },
            Object {
              "__typename": "MetaschemaUniqueConstraint",
              "fields": Array [
                Object {
                  "name": "username",
                  "type": Object {
                    "modifier": null,
                    "name": "String",
                    "pg": "citext",
                    "subtype": null,
                    "typmod": null,
                  },
                },
              ],
              "name": "users_username_key",
            },
          ],
          "fields": Array [
            Object {
              "name": "id",
              "type": Object {
                "modifier": null,
                "name": "Int",
                "pg": "int4",
                "subtype": null,
                "typmod": null,
              },
            },
            Object {
              "name": "username",
              "type": Object {
                "modifier": null,
                "name": "String",
                "pg": "citext",
                "subtype": null,
                "typmod": null,
              },
            },
          ],
          "inflection": Object {
            "allRows": "allUsers",
            "allRowsSimple": "allUsersList",
            "conditionType": "UserCondition",
            "connection": "UsersConnection",
            "createField": "createUser",
            "createInputType": "CreateUserInput",
            "createPayloadType": "CreateUserPayload",
            "deleteByPrimaryKey": "deleteUserById",
            "deletePayloadType": "DeleteUserPayload",
            "edge": "UsersEdge",
            "edgeField": "userEdge",
            "enumType": "Users",
            "inputType": "UserInput",
            "orderByType": "UsersOrderBy",
            "patchField": "userPatch",
            "patchType": "UserPatch",
            "tableFieldName": "user",
            "tableType": "User",
            "typeName": "users",
            "updateByPrimaryKey": "updateUserById",
            "updatePayloadType": "UpdateUserPayload",
          },
          "name": "User",
          "query": Object {
            "all": "allUsers",
            "create": "createUser",
            "delete": "deleteUserById",
            "one": "user",
            "update": "updateUserById",
          },
        },
        Object {
          "constraints": Array [
            Object {
              "__typename": "MetaschemaPrimaryKeyConstraint",
              "fields": Array [
                Object {
                  "name": "id",
                  "type": Object {
                    "modifier": null,
                    "name": "Int",
                    "pg": "int4",
                    "subtype": null,
                    "typmod": null,
                  },
                },
              ],
              "name": "zip_codes_pkey",
            },
          ],
          "fields": Array [
            Object {
              "name": "id",
              "type": Object {
                "modifier": null,
                "name": "Int",
                "pg": "int4",
                "subtype": null,
                "typmod": null,
              },
            },
            Object {
              "name": "zipCode",
              "type": Object {
                "modifier": null,
                "name": "Int",
                "pg": "int4",
                "subtype": null,
                "typmod": null,
              },
            },
            Object {
              "name": "location",
              "type": Object {
                "modifier": 1107460,
                "name": "String",
                "pg": "geometry",
                "subtype": null,
                "typmod": Object {
                  "gisType": "Point",
                  "hasM": false,
                  "hasZ": false,
                  "srid": 4326,
                  "subtype": 1,
                },
              },
            },
          ],
          "inflection": Object {
            "allRows": "allPostcodes",
            "allRowsSimple": "allPostcodesList",
            "conditionType": "PostcodeCondition",
            "connection": "PostcodesConnection",
            "createField": "createPostcode",
            "createInputType": "CreatePostcodeInput",
            "createPayloadType": "CreatePostcodePayload",
            "deleteByPrimaryKey": "deletePostcodeById",
            "deletePayloadType": "DeletePostcodePayload",
            "edge": "PostcodesEdge",
            "edgeField": "postcodeEdge",
            "enumType": "Postcode",
            "inputType": "PostcodeInput",
            "orderByType": "PostcodesOrderBy",
            "patchField": "postcodePatch",
            "patchType": "PostcodePatch",
            "tableFieldName": "postcode",
            "tableType": "Postcode",
            "typeName": "postcode",
            "updateByPrimaryKey": "updatePostcodeById",
            "updatePayloadType": "UpdatePostcodePayload",
          },
          "name": "Postcode",
          "query": Object {
            "all": "allPostcodes",
            "create": "createPostcode",
            "delete": "deletePostcodeById",
            "one": "postcode",
            "update": "updatePostcodeById",
          },
        },
      ],
    },
  },
}
`;
